// Jest Snapshot v1, https://goo.gl/fbAQLP

exports[`Loader Spinner renders loader 1`] = `
<div
  className="loader"
/>
`;
